../Core/Src/main.c:138:16:i2c_read_u8	40	static
../Core/Src/main.c:146:12:i2c_read_buf	32	static
../Core/Src/main.c:151:12:i2c_write_u8	32	static
../Core/Src/main.c:157:17:u16le	16	static
../Core/Src/main.c:158:17:s16le	16	static
../Core/Src/main.c:160:12:bmp280_read_calib	32	static
../Core/Src/main.c:173:12:bmp280_init	16	static
../Core/Src/main.c:190:16:bmp280_compensate_T_int32	32	static
../Core/Src/main.c:200:17:bmp280_compensate_P_uint32	328	static
../Core/Src/main.c:219:12:bmp280_read_pressure_pa	40	static
../Core/Src/main.c:235:14:pressure_to_altitude_m	32	static
../Core/Src/main.c:245:12:max30102_init	8	static
../Core/Src/main.c:274:12:max30102_read_sample	32	static
../Core/Src/main.c:291:13:OLED_ShowBoot	16	static
../Core/Src/main.c:306:13:OLED_ShowData	64	static
../Core/Src/main.c:355:5:main	1024	static
../Core/Src/main.c:639:6:SystemClock_Config	88	static
../Core/Src/main.c:669:6:Error_Handler	4	static,ignoring_inline_asm
